mode: set
zajunaApi/internal/dto/request/category_request.go:12.46,13.17 1 0
zajunaApi/internal/dto/request/category_request.go:13.17,15.3 1 0
zajunaApi/internal/dto/request/category_request.go:16.2,16.18 1 0
zajunaApi/internal/dto/request/category_request.go:16.18,18.3 1 0
zajunaApi/internal/dto/request/category_request.go:22.55,24.2 1 0
zajunaApi/internal/dto/request/category_request.go:61.52,63.35 2 0
zajunaApi/internal/dto/request/category_request.go:63.35,64.15 1 0
zajunaApi/internal/dto/request/category_request.go:64.15,69.4 1 0
zajunaApi/internal/dto/request/category_request.go:70.3,70.18 1 0
zajunaApi/internal/dto/request/category_request.go:74.2,74.23 1 0
zajunaApi/internal/dto/request/category_request.go:74.23,75.24 1 0
zajunaApi/internal/dto/request/category_request.go:75.24,80.4 1 0
zajunaApi/internal/dto/request/category_request.go:83.2,83.12 1 0
zajunaApi/internal/dto/request/course_request.go:12.43,13.17 1 0
zajunaApi/internal/dto/request/course_request.go:13.17,15.3 1 0
zajunaApi/internal/dto/request/course_request.go:16.2,16.18 1 0
zajunaApi/internal/dto/request/course_request.go:16.18,18.3 1 0
zajunaApi/internal/dto/request/course_request.go:22.54,24.2 1 0
zajunaApi/internal/dto/request/course_request.go:37.49,39.33 2 0
zajunaApi/internal/dto/request/course_request.go:39.33,41.14 1 0
zajunaApi/internal/dto/request/course_request.go:41.14,46.4 1 0
zajunaApi/internal/dto/request/course_request.go:48.3,48.15 1 0
zajunaApi/internal/dto/request/course_request.go:48.15,53.4 1 0
zajunaApi/internal/dto/request/course_request.go:54.3,54.18 1 0
zajunaApi/internal/dto/request/course_request.go:56.2,56.12 1 0
zajunaApi/internal/dto/request/course_request.go:74.48,76.66 1 0
zajunaApi/internal/dto/request/course_request.go:76.66,81.3 1 0
zajunaApi/internal/dto/request/course_request.go:82.2,82.12 1 0
zajunaApi/internal/dto/request/course_request.go:133.48,135.82 1 0
zajunaApi/internal/dto/request/course_request.go:135.82,136.33 1 0
zajunaApi/internal/dto/request/course_request.go:136.33,141.4 1 0
zajunaApi/internal/dto/request/course_request.go:145.2,145.20 1 0
zajunaApi/internal/dto/request/course_request.go:145.20,147.30 2 0
zajunaApi/internal/dto/request/course_request.go:147.30,152.4 1 0
zajunaApi/internal/dto/request/course_request.go:155.2,155.12 1 0
zajunaApi/internal/dto/request/course_request.go:159.49,161.35 1 0
zajunaApi/internal/dto/request/course_request.go:161.35,162.21 1 0
zajunaApi/internal/dto/request/course_request.go:162.21,167.4 1 0
zajunaApi/internal/dto/request/course_request.go:170.3,170.43 1 0
zajunaApi/internal/dto/request/course_request.go:170.43,176.4 2 0
zajunaApi/internal/dto/request/course_request.go:178.2,178.12 1 0
zajunaApi/internal/dto/request/enrolled_users_request.go:24.46,25.20 1 0
zajunaApi/internal/dto/request/enrolled_users_request.go:25.20,27.3 1 0
zajunaApi/internal/dto/request/enrolled_users_request.go:28.2,28.27 1 0
zajunaApi/internal/dto/request/enrolled_users_request.go:28.27,30.3 1 0
zajunaApi/internal/dto/request/enrolled_users_request.go:31.2,31.24 1 0
zajunaApi/internal/dto/request/enrolled_users_request.go:31.24,33.3 1 0
zajunaApi/internal/dto/request/enrolled_users_request.go:37.49,39.47 1 0
zajunaApi/internal/dto/request/enrolled_users_request.go:39.47,41.3 1 0
zajunaApi/internal/dto/request/enrolled_users_request.go:42.2,42.12 1 0
zajunaApi/internal/dto/request/search_courses_request.go:14.46,15.16 1 0
zajunaApi/internal/dto/request/search_courses_request.go:15.16,17.3 1 0
zajunaApi/internal/dto/request/search_courses_request.go:18.2,18.19 1 0
zajunaApi/internal/dto/request/search_courses_request.go:18.19,20.3 1 0
zajunaApi/internal/dto/request/search_courses_request.go:24.49,25.26 1 0
zajunaApi/internal/dto/request/search_courses_request.go:25.26,27.3 1 0
zajunaApi/internal/dto/request/search_courses_request.go:28.2,28.27 1 0
zajunaApi/internal/dto/request/search_courses_request.go:28.27,30.3 1 0
zajunaApi/internal/dto/request/search_courses_request.go:33.2,40.36 2 0
zajunaApi/internal/dto/request/search_courses_request.go:40.36,42.3 1 0
zajunaApi/internal/dto/request/search_courses_request.go:44.2,44.12 1 0
zajunaApi/internal/dto/request/user_request.go:14.41,15.17 1 0
zajunaApi/internal/dto/request/user_request.go:15.17,17.3 1 0
zajunaApi/internal/dto/request/user_request.go:18.2,18.18 1 0
zajunaApi/internal/dto/request/user_request.go:18.18,20.3 1 0
zajunaApi/internal/dto/request/user_request.go:24.59,27.23 2 0
zajunaApi/internal/dto/request/user_request.go:27.23,29.3 1 0
zajunaApi/internal/dto/request/user_request.go:30.2,30.22 1 0
zajunaApi/internal/dto/request/user_request.go:30.22,32.3 1 0
zajunaApi/internal/dto/request/user_request.go:33.2,33.22 1 0
zajunaApi/internal/dto/request/user_request.go:33.22,35.3 1 0
zajunaApi/internal/dto/request/user_request.go:36.2,36.19 1 0
zajunaApi/internal/dto/request/user_request.go:36.19,38.3 1 0
zajunaApi/internal/dto/request/user_request.go:40.2,40.16 1 0
zajunaApi/internal/dto/request/user_request.go:69.47,71.31 2 0
zajunaApi/internal/dto/request/user_request.go:71.31,72.15 1 0
zajunaApi/internal/dto/request/user_request.go:72.15,74.4 1 0
zajunaApi/internal/dto/request/user_request.go:75.3,75.18 1 0
zajunaApi/internal/dto/request/user_request.go:77.2,77.12 1 0
zajunaApi/internal/dto/request/user_request.go:91.42,93.2 1 0
zajunaApi/internal/dto/mapper/category_mapper.go:9.79,10.21 1 0
zajunaApi/internal/dto/mapper/category_mapper.go:10.21,12.3 1 0
zajunaApi/internal/dto/mapper/category_mapper.go:14.2,27.3 1 0
zajunaApi/internal/dto/mapper/category_mapper.go:31.85,33.38 2 0
zajunaApi/internal/dto/mapper/category_mapper.go:33.38,35.18 2 0
zajunaApi/internal/dto/mapper/category_mapper.go:35.18,37.4 1 0
zajunaApi/internal/dto/mapper/category_mapper.go:39.2,39.18 1 0
zajunaApi/internal/dto/mapper/course_mapper.go:10.71,11.19 1 0
zajunaApi/internal/dto/mapper/course_mapper.go:11.19,13.3 1 0
zajunaApi/internal/dto/mapper/course_mapper.go:15.2,35.3 1 0
zajunaApi/internal/dto/mapper/course_mapper.go:39.75,41.33 2 0
zajunaApi/internal/dto/mapper/course_mapper.go:41.33,43.18 2 0
zajunaApi/internal/dto/mapper/course_mapper.go:43.18,45.4 1 0
zajunaApi/internal/dto/mapper/course_mapper.go:47.2,47.18 1 0
zajunaApi/internal/dto/mapper/course_mapper.go:51.96,52.20 1 0
zajunaApi/internal/dto/mapper/course_mapper.go:52.20,54.3 1 0
zajunaApi/internal/dto/mapper/course_mapper.go:57.2,58.36 2 0
zajunaApi/internal/dto/mapper/course_mapper.go:58.36,60.3 1 0
zajunaApi/internal/dto/mapper/course_mapper.go:62.2,74.3 1 0
zajunaApi/internal/dto/mapper/course_mapper.go:78.84,79.21 1 0
zajunaApi/internal/dto/mapper/course_mapper.go:79.21,81.3 1 0
zajunaApi/internal/dto/mapper/course_mapper.go:83.2,84.35 2 0
zajunaApi/internal/dto/mapper/course_mapper.go:84.35,91.3 1 0
zajunaApi/internal/dto/mapper/course_mapper.go:92.2,92.15 1 0
zajunaApi/internal/dto/mapper/course_mapper.go:96.84,98.2 1 0
zajunaApi/internal/dto/mapper/enrolled_users_mapper.go:16.34,17.17 1 0
zajunaApi/internal/dto/mapper/enrolled_users_mapper.go:17.17,19.3 1 0
zajunaApi/internal/dto/mapper/enrolled_users_mapper.go:21.2,47.27 2 0
zajunaApi/internal/dto/mapper/enrolled_users_mapper.go:47.27,49.35 2 0
zajunaApi/internal/dto/mapper/enrolled_users_mapper.go:49.35,56.4 1 0
zajunaApi/internal/dto/mapper/enrolled_users_mapper.go:60.2,60.21 1 0
zajunaApi/internal/dto/mapper/enrolled_users_mapper.go:60.21,62.28 2 0
zajunaApi/internal/dto/mapper/enrolled_users_mapper.go:62.28,69.4 1 0
zajunaApi/internal/dto/mapper/enrolled_users_mapper.go:73.2,73.20 1 0
zajunaApi/internal/dto/mapper/enrolled_users_mapper.go:73.20,75.27 2 0
zajunaApi/internal/dto/mapper/enrolled_users_mapper.go:75.27,82.4 1 0
zajunaApi/internal/dto/mapper/enrolled_users_mapper.go:86.2,86.26 1 0
zajunaApi/internal/dto/mapper/enrolled_users_mapper.go:86.26,88.33 2 0
zajunaApi/internal/dto/mapper/enrolled_users_mapper.go:88.33,93.4 1 0
zajunaApi/internal/dto/mapper/enrolled_users_mapper.go:97.2,97.30 1 0
zajunaApi/internal/dto/mapper/enrolled_users_mapper.go:97.30,99.38 2 0
zajunaApi/internal/dto/mapper/enrolled_users_mapper.go:99.38,105.4 1 0
zajunaApi/internal/dto/mapper/enrolled_users_mapper.go:108.2,108.13 1 0
zajunaApi/internal/dto/mapper/enrolled_users_mapper.go:112.68,113.27 1 0
zajunaApi/internal/dto/mapper/enrolled_users_mapper.go:113.27,114.34 1 0
zajunaApi/internal/dto/mapper/enrolled_users_mapper.go:114.34,116.4 1 0
zajunaApi/internal/dto/mapper/enrolled_users_mapper.go:118.2,118.11 1 0
zajunaApi/internal/dto/mapper/enrolled_users_mapper.go:121.62,122.27 1 0
zajunaApi/internal/dto/mapper/enrolled_users_mapper.go:122.27,123.26 1 0
zajunaApi/internal/dto/mapper/enrolled_users_mapper.go:124.12,125.12 1 0
zajunaApi/internal/dto/mapper/enrolled_users_mapper.go:126.14,127.17 1 0
zajunaApi/internal/dto/mapper/enrolled_users_mapper.go:128.16,129.17 1 0
zajunaApi/internal/dto/mapper/enrolled_users_mapper.go:132.2,132.10 1 0
zajunaApi/internal/dto/mapper/user_mapper.go:10.63,11.17 1 0
zajunaApi/internal/dto/mapper/user_mapper.go:11.17,13.3 1 0
zajunaApi/internal/dto/mapper/user_mapper.go:15.2,48.3 2 0
zajunaApi/internal/dto/mapper/user_mapper.go:52.67,54.29 2 0
zajunaApi/internal/dto/mapper/user_mapper.go:54.29,56.18 2 0
zajunaApi/internal/dto/mapper/user_mapper.go:56.18,58.4 1 0
zajunaApi/internal/dto/mapper/user_mapper.go:60.2,60.18 1 0
zajunaApi/internal/dto/mapper/user_mapper.go:64.86,65.19 1 0
zajunaApi/internal/dto/mapper/user_mapper.go:65.19,67.3 1 0
zajunaApi/internal/dto/mapper/user_mapper.go:69.2,70.31 2 0
zajunaApi/internal/dto/mapper/user_mapper.go:70.31,78.3 1 0
zajunaApi/internal/dto/mapper/user_mapper.go:79.2,79.15 1 0
zajunaApi/internal/dto/mapper/user_mapper.go:83.82,84.18 1 0
zajunaApi/internal/dto/mapper/user_mapper.go:84.18,86.3 1 0
zajunaApi/internal/dto/mapper/user_mapper.go:88.2,89.29 2 0
zajunaApi/internal/dto/mapper/user_mapper.go:89.29,94.3 1 0
zajunaApi/internal/dto/mapper/user_mapper.go:95.2,95.15 1 0
zajunaApi/internal/config/config.go:18.27,23.16 4 0
zajunaApi/internal/config/config.go:23.16,25.3 1 0
zajunaApi/internal/config/config.go:27.2,43.3 8 0
zajunaApi/internal/config/config.go:46.46,47.42 1 0
zajunaApi/internal/config/config.go:47.42,49.3 1 0
zajunaApi/internal/config/config.go:50.2,50.21 1 0
zajunaApi/internal/db/db.go:18.33,23.16 3 0
zajunaApi/internal/db/db.go:23.16,25.3 1 0
zajunaApi/internal/db/db.go:27.2,28.16 2 0
zajunaApi/internal/db/db.go:28.16,30.3 1 0
zajunaApi/internal/db/db.go:32.2,33.16 2 0
zajunaApi/internal/middleware/cors.go:6.35,7.30 1 0
zajunaApi/internal/middleware/cors.go:7.30,11.77 2 0
zajunaApi/internal/middleware/cors.go:11.77,14.4 2 0
zajunaApi/internal/middleware/cors.go:16.3,20.36 4 0
zajunaApi/internal/middleware/cors.go:20.36,23.4 2 0
zajunaApi/internal/middleware/cors.go:25.3,25.11 1 0
zajunaApi/internal/middleware/has_capability.go:32.37,33.30 1 1
zajunaApi/internal/middleware/has_capability.go:33.30,41.17 4 1
zajunaApi/internal/middleware/has_capability.go:41.17,44.4 2 1
zajunaApi/internal/middleware/has_capability.go:45.3,45.31 1 1
zajunaApi/internal/middleware/has_capability.go:45.31,47.4 1 1
zajunaApi/internal/middleware/has_capability.go:49.3,51.17 2 1
zajunaApi/internal/middleware/has_capability.go:51.17,54.4 2 1
zajunaApi/internal/middleware/has_capability.go:55.3,55.36 1 1
zajunaApi/internal/middleware/has_capability.go:55.36,57.4 1 1
zajunaApi/internal/middleware/has_capability.go:60.3,62.17 2 1
zajunaApi/internal/middleware/has_capability.go:62.17,66.4 3 1
zajunaApi/internal/middleware/has_capability.go:67.3,68.17 2 1
zajunaApi/internal/middleware/has_capability.go:68.17,71.4 2 1
zajunaApi/internal/middleware/has_capability.go:73.3,75.17 2 1
zajunaApi/internal/middleware/has_capability.go:75.17,78.4 2 1
zajunaApi/internal/middleware/has_capability.go:80.3,80.44 1 1
zajunaApi/internal/middleware/has_capability.go:80.44,81.33 1 1
zajunaApi/internal/middleware/has_capability.go:82.22,84.47 1 1
zajunaApi/internal/middleware/has_capability.go:85.19,87.19 1 1
zajunaApi/internal/middleware/has_capability.go:91.3,91.15 1 1
zajunaApi/internal/middleware/has_capability.go:91.15,93.4 1 1
zajunaApi/internal/middleware/logging.go:10.42,11.30 1 0
zajunaApi/internal/middleware/logging.go:11.30,16.3 4 0
zajunaApi/internal/middleware/require_auth.go:22.86,23.30 1 1
zajunaApi/internal/middleware/require_auth.go:23.30,29.17 3 1
zajunaApi/internal/middleware/require_auth.go:29.17,33.4 3 1
zajunaApi/internal/middleware/require_auth.go:34.3,36.17 3 1
zajunaApi/internal/middleware/require_auth.go:36.17,39.4 2 1
zajunaApi/internal/middleware/require_auth.go:40.3,40.21 1 1
zajunaApi/internal/middleware/require_auth.go:40.21,53.4 3 1
zajunaApi/internal/middleware/require_auth.go:55.3,55.11 1 1
zajunaApi/internal/dto/response/common.go:36.94,50.2 2 0
zajunaApi/internal/dto/response/common.go:53.81,60.2 1 0
zajunaApi/internal/dto/response/common.go:63.76,68.2 1 0
zajunaApi/internal/repository/mocks/category_repository_mock.go:14.80,16.24 2 0
zajunaApi/internal/repository/mocks/category_repository_mock.go:16.24,18.3 1 0
zajunaApi/internal/repository/mocks/category_repository_mock.go:19.2,19.55 1 0
zajunaApi/internal/repository/mocks/competency_framework_repository_mock.go:13.121,16.62 2 0
zajunaApi/internal/repository/mocks/competency_framework_repository_mock.go:16.62,18.3 1 0
zajunaApi/internal/repository/mocks/competency_framework_repository_mock.go:19.2,19.27 1 0
zajunaApi/internal/repository/mocks/competency_framework_repository_mock.go:22.100,25.62 2 0
zajunaApi/internal/repository/mocks/competency_framework_repository_mock.go:25.62,27.3 1 0
zajunaApi/internal/repository/mocks/competency_framework_repository_mock.go:28.2,28.27 1 0
zajunaApi/internal/repository/mocks/competency_plan_repository_mock.go:13.108,16.57 2 0
zajunaApi/internal/repository/mocks/competency_plan_repository_mock.go:16.57,18.3 1 0
zajunaApi/internal/repository/mocks/competency_plan_repository_mock.go:19.2,19.27 1 0
zajunaApi/internal/repository/mocks/competency_repository_mock.go:13.93,16.53 2 0
zajunaApi/internal/repository/mocks/competency_repository_mock.go:16.53,18.3 1 0
zajunaApi/internal/repository/mocks/competency_repository_mock.go:19.2,19.27 1 0
zajunaApi/internal/repository/mocks/competency_repository_mock.go:22.93,25.53 2 0
zajunaApi/internal/repository/mocks/competency_repository_mock.go:25.53,27.3 1 0
zajunaApi/internal/repository/mocks/competency_repository_mock.go:28.2,28.27 1 0
zajunaApi/internal/repository/mocks/competency_repository_mock.go:31.82,34.53 2 0
zajunaApi/internal/repository/mocks/competency_repository_mock.go:34.53,36.3 1 0
zajunaApi/internal/repository/mocks/competency_repository_mock.go:37.2,37.27 1 0
zajunaApi/internal/repository/mocks/config_repository_mock.go:14.80,16.52 2 0
zajunaApi/internal/repository/mocks/config_repository_mock.go:16.52,18.3 1 0
zajunaApi/internal/repository/mocks/config_repository_mock.go:19.2,19.27 1 0
zajunaApi/internal/repository/mocks/course_competency_repository_mock.go:13.99,16.2 2 0
zajunaApi/internal/repository/mocks/course_competency_repository_mock.go:18.97,21.2 2 0
zajunaApi/internal/repository/mocks/course_repository_mock.go:16.73,18.24 2 0
zajunaApi/internal/repository/mocks/course_repository_mock.go:18.24,20.3 1 0
zajunaApi/internal/repository/mocks/course_repository_mock.go:21.2,21.53 1 0
zajunaApi/internal/repository/mocks/course_repository_mock.go:24.95,26.24 2 0
zajunaApi/internal/repository/mocks/course_repository_mock.go:26.24,28.3 1 0
zajunaApi/internal/repository/mocks/course_repository_mock.go:29.2,29.53 1 0
zajunaApi/internal/repository/mocks/course_repository_mock.go:32.79,34.24 2 0
zajunaApi/internal/repository/mocks/course_repository_mock.go:34.24,36.3 1 0
zajunaApi/internal/repository/mocks/course_repository_mock.go:37.2,37.52 1 0
zajunaApi/internal/repository/mocks/course_repository_mock.go:40.93,42.24 2 0
zajunaApi/internal/repository/mocks/course_repository_mock.go:42.24,44.3 1 0
zajunaApi/internal/repository/mocks/course_repository_mock.go:45.2,45.52 1 0
zajunaApi/internal/repository/mocks/course_repository_mock.go:48.101,50.24 2 0
zajunaApi/internal/repository/mocks/course_repository_mock.go:50.24,52.3 1 0
zajunaApi/internal/repository/mocks/course_repository_mock.go:53.2,53.63 1 0
zajunaApi/internal/repository/mocks/course_repository_mock.go:56.89,58.24 2 0
zajunaApi/internal/repository/mocks/course_repository_mock.go:58.24,60.3 1 0
zajunaApi/internal/repository/mocks/course_repository_mock.go:61.2,61.54 1 0
zajunaApi/internal/repository/mocks/course_repository_mock.go:64.91,67.2 2 0
zajunaApi/internal/repository/mocks/course_repository_mock.go:69.133,71.24 2 0
zajunaApi/internal/repository/mocks/course_repository_mock.go:71.24,73.3 1 0
zajunaApi/internal/repository/mocks/course_repository_mock.go:74.2,74.74 1 0
zajunaApi/internal/repository/mocks/course_repository_mock.go:77.116,80.2 2 0
zajunaApi/internal/repository/mocks/course_repository_mock.go:82.107,85.2 2 0
zajunaApi/internal/repository/mocks/course_repository_mock.go:87.74,90.2 2 0
zajunaApi/internal/repository/mocks/role_capability_repository_mock.go:14.136,16.58 2 0
zajunaApi/internal/repository/mocks/role_capability_repository_mock.go:16.58,18.3 1 0
zajunaApi/internal/repository/mocks/role_capability_repository_mock.go:19.2,19.27 1 0
zajunaApi/internal/repository/mocks/sessions_repository_mock.go:13.82,15.55 2 0
zajunaApi/internal/repository/mocks/sessions_repository_mock.go:15.55,17.3 1 0
zajunaApi/internal/repository/mocks/sessions_repository_mock.go:18.2,18.27 1 0
zajunaApi/internal/repository/mocks/sessions_repository_mock.go:20.80,23.2 2 0
zajunaApi/internal/repository/mocks/sessions_repository_mock.go:25.66,28.2 2 0
zajunaApi/internal/repository/mocks/user_repository_mock.go:15.118,17.24 2 0
zajunaApi/internal/repository/mocks/user_repository_mock.go:17.24,19.3 1 0
zajunaApi/internal/repository/mocks/user_repository_mock.go:20.2,20.72 1 0
zajunaApi/internal/repository/mocks/user_repository_mock.go:23.63,26.2 2 0
zajunaApi/internal/repository/mocks/user_repository_mock.go:28.78,31.2 2 0
zajunaApi/internal/repository/mocks/user_repository_mock.go:33.73,36.2 2 0
zajunaApi/internal/repository/mocks/user_repository_mock.go:38.139,40.24 2 0
zajunaApi/internal/repository/mocks/user_repository_mock.go:40.24,42.3 1 0
zajunaApi/internal/repository/mocks/user_repository_mock.go:43.2,43.88 1 0
zajunaApi/internal/repository/mocks/user_repository_mock.go:46.108,48.24 2 0
zajunaApi/internal/repository/mocks/user_repository_mock.go:48.24,50.3 1 0
zajunaApi/internal/repository/mocks/user_repository_mock.go:51.2,51.62 1 0
zajunaApi/internal/repository/mocks/user_repository_mock.go:54.107,56.24 2 0
zajunaApi/internal/repository/mocks/user_repository_mock.go:56.24,58.3 1 0
zajunaApi/internal/repository/mocks/user_repository_mock.go:59.2,59.62 1 0
zajunaApi/internal/repository/mocks/user_repository_mock.go:62.96,64.24 2 0
zajunaApi/internal/repository/mocks/user_repository_mock.go:64.24,66.3 1 0
zajunaApi/internal/repository/mocks/user_repository_mock.go:67.2,67.62 1 0
zajunaApi/internal/repository/mocks/user_repository_mock.go:70.95,72.24 2 0
zajunaApi/internal/repository/mocks/user_repository_mock.go:72.24,74.3 1 0
zajunaApi/internal/repository/mocks/user_repository_mock.go:75.2,75.62 1 0
zajunaApi/internal/repository/mocks/user_repository_mock.go:78.99,80.24 2 0
zajunaApi/internal/repository/mocks/user_repository_mock.go:80.24,82.3 1 0
zajunaApi/internal/repository/mocks/user_repository_mock.go:83.2,83.62 1 0
zajunaApi/internal/repository/mocks/user_repository_mock.go:86.84,90.24 2 0
zajunaApi/internal/repository/mocks/user_repository_mock.go:90.24,92.3 1 0
zajunaApi/internal/repository/mocks/user_repository_mock.go:94.2,94.50 1 0
zajunaApi/internal/models/config.go:9.34,11.2 1 0
zajunaApi/internal/models/context.go:9.35,11.2 1 0
zajunaApi/internal/models/role.go:9.32,11.2 1 0
zajunaApi/internal/models/role_assignment.go:10.42,12.2 1 0
zajunaApi/internal/models/role_capability.go:13.42,15.2 1 0
zajunaApi/internal/models/sessions.go:15.36,17.2 1 0
zajunaApi/internal/models/user.go:39.32,41.2 1 0
zajunaApi/internal/repository/category_repository.go:12.61,14.2 1 0
zajunaApi/internal/repository/category_repository.go:16.76,21.39 2 0
zajunaApi/internal/repository/category_repository.go:21.39,23.3 1 0
zajunaApi/internal/repository/category_repository.go:25.2,25.24 1 0
zajunaApi/internal/repository/competency_framework_repository.go:15.83,17.2 1 0
zajunaApi/internal/repository/competency_framework_repository.go:18.125,22.16 3 0
zajunaApi/internal/repository/competency_framework_repository.go:22.16,25.3 1 0
zajunaApi/internal/repository/competency_framework_repository.go:27.2,27.45 1 0
zajunaApi/internal/repository/competency_framework_repository.go:27.45,30.3 1 0
zajunaApi/internal/repository/competency_framework_repository.go:32.2,33.24 2 0
zajunaApi/internal/repository/competency_framework_repository.go:35.96,39.25 3 0
zajunaApi/internal/repository/competency_framework_repository.go:39.25,40.54 1 0
zajunaApi/internal/repository/competency_framework_repository.go:40.54,42.4 1 0
zajunaApi/internal/repository/competency_framework_repository.go:43.3,43.27 1 0
zajunaApi/internal/repository/competency_framework_repository.go:45.2,45.34 1 0
zajunaApi/internal/repository/competency_plan_repository.go:13.73,15.2 1 0
zajunaApi/internal/repository/competency_plan_repository.go:17.104,18.77 1 0
zajunaApi/internal/repository/competency_plan_repository.go:18.77,20.3 1 0
zajunaApi/internal/repository/competency_plan_repository.go:21.2,21.18 1 0
zajunaApi/internal/repository/competency_repository.go:15.65,17.2 1 0
zajunaApi/internal/repository/competency_repository.go:19.98,23.16 3 0
zajunaApi/internal/repository/competency_repository.go:23.16,26.3 1 0
zajunaApi/internal/repository/competency_repository.go:28.2,28.45 1 0
zajunaApi/internal/repository/competency_repository.go:28.45,31.3 1 0
zajunaApi/internal/repository/competency_repository.go:33.2,34.24 2 0
zajunaApi/internal/repository/competency_repository.go:37.98,40.2 2 0
zajunaApi/internal/repository/competency_repository.go:42.78,45.25 3 0
zajunaApi/internal/repository/competency_repository.go:45.25,46.54 1 0
zajunaApi/internal/repository/competency_repository.go:46.54,48.4 1 0
zajunaApi/internal/repository/competency_repository.go:49.3,49.27 1 0
zajunaApi/internal/repository/competency_repository.go:51.2,51.25 1 0
zajunaApi/internal/repository/config_repository.go:14.57,16.2 1 0
zajunaApi/internal/repository/config_repository.go:18.76,22.25 3 0
zajunaApi/internal/repository/config_repository.go:22.25,23.54 1 0
zajunaApi/internal/repository/config_repository.go:23.54,25.4 1 0
zajunaApi/internal/repository/config_repository.go:26.3,26.27 1 0
zajunaApi/internal/repository/config_repository.go:29.2,29.21 1 0
zajunaApi/internal/repository/course_competency_repository.go:13.77,15.2 1 0
zajunaApi/internal/repository/course_competency_repository.go:17.109,20.2 2 0
zajunaApi/internal/repository/course_competency_repository.go:22.93,25.16 3 0
zajunaApi/internal/repository/course_competency_repository.go:25.16,27.3 1 0
zajunaApi/internal/repository/course_competency_repository.go:29.2,29.23 1 0
zajunaApi/internal/repository/course_repository.go:20.57,22.2 1 0
zajunaApi/internal/repository/course_repository.go:39.69,44.36 2 0
zajunaApi/internal/repository/course_repository.go:44.36,46.3 1 0
zajunaApi/internal/repository/course_repository.go:48.2,48.21 1 0
zajunaApi/internal/repository/course_repository.go:52.91,58.36 2 0
zajunaApi/internal/repository/course_repository.go:58.36,60.3 1 0
zajunaApi/internal/repository/course_repository.go:62.2,62.21 1 0
zajunaApi/internal/repository/course_repository.go:66.75,71.36 2 0
zajunaApi/internal/repository/course_repository.go:71.36,73.3 1 0
zajunaApi/internal/repository/course_repository.go:75.2,75.21 1 0
zajunaApi/internal/repository/course_repository.go:79.89,84.36 2 0
zajunaApi/internal/repository/course_repository.go:84.36,86.3 1 0
zajunaApi/internal/repository/course_repository.go:88.2,88.21 1 0
zajunaApi/internal/repository/course_repository.go:92.86,95.16 2 0
zajunaApi/internal/repository/course_repository.go:95.16,97.3 1 0
zajunaApi/internal/repository/course_repository.go:99.2,133.18 9 0
zajunaApi/internal/repository/course_repository.go:133.18,138.3 4 0
zajunaApi/internal/repository/course_repository.go:139.2,147.28 4 0
zajunaApi/internal/repository/course_repository.go:147.28,149.3 1 0
zajunaApi/internal/repository/course_repository.go:150.2,161.22 5 0
zajunaApi/internal/repository/course_repository.go:165.70,172.16 6 0
zajunaApi/internal/repository/course_repository.go:172.16,175.3 2 0
zajunaApi/internal/repository/course_repository.go:177.2,179.16 2 0
zajunaApi/internal/repository/course_repository.go:179.16,182.3 2 0
zajunaApi/internal/repository/course_repository.go:184.2,186.16 2 0
zajunaApi/internal/repository/course_repository.go:186.16,189.3 2 0
zajunaApi/internal/repository/course_repository.go:191.2,193.16 2 0
zajunaApi/internal/repository/course_repository.go:193.16,196.3 2 0
zajunaApi/internal/repository/course_repository.go:198.2,216.16 3 0
zajunaApi/internal/repository/course_repository.go:216.16,218.3 1 0
zajunaApi/internal/repository/course_repository.go:220.2,222.24 2 0
zajunaApi/internal/repository/course_repository.go:225.85,232.47 3 0
zajunaApi/internal/repository/course_repository.go:232.47,234.3 1 0
zajunaApi/internal/repository/course_repository.go:237.2,237.31 1 0
zajunaApi/internal/repository/course_repository.go:237.31,239.40 2 0
zajunaApi/internal/repository/course_repository.go:239.40,240.22 1 0
zajunaApi/internal/repository/course_repository.go:240.22,242.10 2 0
zajunaApi/internal/repository/course_repository.go:245.3,245.13 1 0
zajunaApi/internal/repository/course_repository.go:245.13,252.4 1 0
zajunaApi/internal/repository/course_repository.go:256.2,256.26 1 0
zajunaApi/internal/repository/course_repository.go:256.26,259.34 1 0
zajunaApi/internal/repository/course_repository.go:259.34,261.4 1 0
zajunaApi/internal/repository/course_repository.go:264.2,264.22 1 0
zajunaApi/internal/repository/course_repository.go:268.129,275.22 4 0
zajunaApi/internal/repository/course_repository.go:276.16,280.48 2 0
zajunaApi/internal/repository/course_repository.go:282.20,284.53 1 0
zajunaApi/internal/repository/course_repository.go:286.12,288.47 1 0
zajunaApi/internal/repository/course_repository.go:290.18,292.53 1 0
zajunaApi/internal/repository/course_repository.go:294.10,295.21 1 0
zajunaApi/internal/repository/course_repository.go:299.2,305.17 3 0
zajunaApi/internal/repository/course_repository.go:305.17,308.3 2 0
zajunaApi/internal/repository/course_repository.go:311.2,311.51 1 0
zajunaApi/internal/repository/course_repository.go:311.51,313.3 1 0
zajunaApi/internal/repository/course_repository.go:315.2,315.28 1 0
zajunaApi/internal/repository/course_repository.go:319.87,328.25 3 0
zajunaApi/internal/repository/course_repository.go:328.25,330.3 1 0
zajunaApi/internal/repository/course_repository.go:333.2,333.30 1 0
zajunaApi/internal/repository/course_repository.go:333.30,335.3 1 0
zajunaApi/internal/repository/course_repository.go:337.2,337.12 1 0
zajunaApi/internal/repository/course_repository.go:341.112,348.35 2 0
zajunaApi/internal/repository/course_repository.go:348.35,350.3 1 0
zajunaApi/internal/repository/course_repository.go:352.2,352.13 1 0
zajunaApi/internal/repository/course_repository.go:352.13,354.3 1 0
zajunaApi/internal/repository/course_repository.go:357.2,361.35 2 0
zajunaApi/internal/repository/course_repository.go:361.35,363.3 1 0
zajunaApi/internal/repository/course_repository.go:366.2,366.33 1 0
zajunaApi/internal/repository/course_repository.go:366.33,374.55 3 0
zajunaApi/internal/repository/course_repository.go:374.55,379.70 1 0
zajunaApi/internal/repository/course_repository.go:379.70,381.5 1 0
zajunaApi/internal/repository/course_repository.go:382.9,386.53 1 0
zajunaApi/internal/repository/course_repository.go:386.53,388.5 1 0
zajunaApi/internal/repository/course_repository.go:392.2,392.12 1 0
zajunaApi/internal/repository/course_repository.go:396.103,403.35 2 0
zajunaApi/internal/repository/course_repository.go:403.35,405.3 1 0
zajunaApi/internal/repository/course_repository.go:407.2,407.13 1 0
zajunaApi/internal/repository/course_repository.go:407.13,409.3 1 0
zajunaApi/internal/repository/course_repository.go:412.2,416.38 2 0
zajunaApi/internal/repository/course_repository.go:416.38,418.3 1 0
zajunaApi/internal/repository/course_repository.go:421.2,421.31 1 0
zajunaApi/internal/repository/course_repository.go:421.31,429.52 3 0
zajunaApi/internal/repository/course_repository.go:429.52,431.12 1 0
zajunaApi/internal/repository/course_repository.go:435.3,441.59 3 0
zajunaApi/internal/repository/course_repository.go:441.59,446.68 1 0
zajunaApi/internal/repository/course_repository.go:446.68,448.5 1 0
zajunaApi/internal/repository/course_repository.go:449.9,455.54 1 0
zajunaApi/internal/repository/course_repository.go:455.54,457.5 1 0
zajunaApi/internal/repository/course_repository.go:461.2,461.12 1 0
zajunaApi/internal/repository/role_capability_repository.go:14.73,16.2 1 0
zajunaApi/internal/repository/role_capability_repository.go:18.132,30.25 4 0
zajunaApi/internal/repository/role_capability_repository.go:30.25,31.54 1 0
zajunaApi/internal/repository/role_capability_repository.go:31.54,33.4 1 0
zajunaApi/internal/repository/role_capability_repository.go:34.3,34.27 1 0
zajunaApi/internal/repository/role_capability_repository.go:37.2,37.29 1 0
zajunaApi/internal/repository/sessions_repository.go:14.61,16.2 1 0
zajunaApi/internal/repository/sessions_repository.go:18.76,23.2 2 0
zajunaApi/internal/repository/sessions_repository.go:25.62,28.2 2 0
zajunaApi/internal/repository/sessions_repository.go:30.78,34.25 3 0
zajunaApi/internal/repository/sessions_repository.go:34.25,35.54 1 0
zajunaApi/internal/repository/sessions_repository.go:35.54,37.4 1 0
zajunaApi/internal/repository/sessions_repository.go:38.3,38.27 1 0
zajunaApi/internal/repository/sessions_repository.go:41.2,41.22 1 0
zajunaApi/internal/repository/user_repository.go:14.53,16.2 1 0
zajunaApi/internal/repository/user_repository.go:19.114,26.56 4 0
zajunaApi/internal/repository/user_repository.go:26.56,28.3 1 0
zajunaApi/internal/repository/user_repository.go:29.2,29.53 1 0
zajunaApi/internal/repository/user_repository.go:29.53,31.3 1 0
zajunaApi/internal/repository/user_repository.go:32.2,32.53 1 0
zajunaApi/internal/repository/user_repository.go:32.53,34.3 1 0
zajunaApi/internal/repository/user_repository.go:35.2,35.44 1 0
zajunaApi/internal/repository/user_repository.go:35.44,37.3 1 0
zajunaApi/internal/repository/user_repository.go:40.2,47.77 4 0
zajunaApi/internal/repository/user_repository.go:47.77,49.3 1 0
zajunaApi/internal/repository/user_repository.go:51.2,51.26 1 0
zajunaApi/internal/repository/user_repository.go:55.59,59.2 1 0
zajunaApi/internal/repository/user_repository.go:61.74,63.26 2 0
zajunaApi/internal/repository/user_repository.go:63.26,69.24 2 0
zajunaApi/internal/repository/user_repository.go:69.24,71.4 1 0
zajunaApi/internal/repository/user_repository.go:72.3,72.23 1 0
zajunaApi/internal/repository/user_repository.go:72.23,74.4 1 0
zajunaApi/internal/repository/user_repository.go:75.3,75.20 1 0
zajunaApi/internal/repository/user_repository.go:75.20,77.4 1 0
zajunaApi/internal/repository/user_repository.go:78.3,78.19 1 0
zajunaApi/internal/repository/user_repository.go:78.19,80.4 1 0
zajunaApi/internal/repository/user_repository.go:81.3,81.22 1 0
zajunaApi/internal/repository/user_repository.go:81.22,83.4 1 0
zajunaApi/internal/repository/user_repository.go:84.3,84.19 1 0
zajunaApi/internal/repository/user_repository.go:84.19,86.4 1 0
zajunaApi/internal/repository/user_repository.go:87.3,87.23 1 0
zajunaApi/internal/repository/user_repository.go:87.23,89.4 1 0
zajunaApi/internal/repository/user_repository.go:90.3,90.21 1 0
zajunaApi/internal/repository/user_repository.go:90.21,92.4 1 0
zajunaApi/internal/repository/user_repository.go:97.3,97.43 1 0
zajunaApi/internal/repository/user_repository.go:97.43,99.4 1 0
zajunaApi/internal/repository/user_repository.go:101.3,101.39 1 0
zajunaApi/internal/repository/user_repository.go:101.39,103.4 1 0
zajunaApi/internal/repository/user_repository.go:106.3,106.24 1 0
zajunaApi/internal/repository/user_repository.go:106.24,107.12 1 0
zajunaApi/internal/repository/user_repository.go:110.3,112.39 1 0
zajunaApi/internal/repository/user_repository.go:112.39,114.4 1 0
zajunaApi/internal/repository/user_repository.go:115.3,115.10 1 0
zajunaApi/internal/repository/user_repository.go:117.2,117.19 1 0
zajunaApi/internal/repository/user_repository.go:121.69,125.72 2 0
zajunaApi/internal/repository/user_repository.go:125.72,127.3 1 0
zajunaApi/internal/repository/user_repository.go:130.2,131.25 2 0
zajunaApi/internal/repository/user_repository.go:131.25,133.3 1 0
zajunaApi/internal/repository/user_repository.go:136.2,138.52 1 0
zajunaApi/internal/repository/user_repository.go:138.52,140.3 1 0
zajunaApi/internal/repository/user_repository.go:142.2,142.23 1 0
zajunaApi/internal/repository/user_repository.go:152.124,164.74 3 0
zajunaApi/internal/repository/user_repository.go:164.74,169.3 3 0
zajunaApi/internal/repository/user_repository.go:172.2,172.83 1 0
zajunaApi/internal/repository/user_repository.go:172.83,174.3 1 0
zajunaApi/internal/repository/user_repository.go:177.2,177.64 1 0
zajunaApi/internal/repository/user_repository.go:177.64,180.3 1 0
zajunaApi/internal/repository/user_repository.go:183.2,183.90 1 0
zajunaApi/internal/repository/user_repository.go:183.90,191.3 1 0
zajunaApi/internal/repository/user_repository.go:194.2,200.58 5 0
zajunaApi/internal/repository/user_repository.go:200.58,201.13 1 0
zajunaApi/internal/repository/user_repository.go:202.20,203.26 1 0
zajunaApi/internal/repository/user_repository.go:204.19,205.25 1 0
zajunaApi/internal/repository/user_repository.go:206.20,207.19 1 0
zajunaApi/internal/repository/user_repository.go:208.11,209.19 1 0
zajunaApi/internal/repository/user_repository.go:212.2,212.86 1 0
zajunaApi/internal/repository/user_repository.go:212.86,214.3 1 0
zajunaApi/internal/repository/user_repository.go:215.2,218.70 2 0
zajunaApi/internal/repository/user_repository.go:218.70,220.3 1 0
zajunaApi/internal/repository/user_repository.go:221.2,221.76 1 0
zajunaApi/internal/repository/user_repository.go:221.76,223.3 1 0
zajunaApi/internal/repository/user_repository.go:226.2,226.49 1 0
zajunaApi/internal/repository/user_repository.go:226.49,228.3 1 0
zajunaApi/internal/repository/user_repository.go:230.2,230.31 1 0
zajunaApi/internal/repository/user_repository.go:234.104,244.2 3 0
zajunaApi/internal/repository/user_repository.go:247.103,258.2 3 0
zajunaApi/internal/repository/user_repository.go:261.92,271.2 3 0
zajunaApi/internal/repository/user_repository.go:274.91,283.2 3 0
zajunaApi/internal/repository/user_repository.go:286.95,297.2 3 0
zajunaApi/internal/repository/user_repository.go:299.80,304.25 3 0
zajunaApi/internal/repository/user_repository.go:304.25,305.54 1 0
zajunaApi/internal/repository/user_repository.go:305.54,307.4 1 0
zajunaApi/internal/repository/user_repository.go:308.3,308.27 1 0
zajunaApi/internal/repository/user_repository.go:311.2,311.19 1 0
zajunaApi/internal/services/mocks/auth_mock.go:10.55,13.2 2 0
zajunaApi/internal/services/mocks/auth_mock.go:16.73,19.2 2 0
zajunaApi/internal/services/mocks/category_service_mock.go:14.74,16.24 2 0
zajunaApi/internal/services/mocks/category_service_mock.go:16.24,18.3 1 0
zajunaApi/internal/services/mocks/category_service_mock.go:19.2,19.55 1 0
zajunaApi/internal/services/mocks/course_service_mock.go:17.70,19.24 2 0
zajunaApi/internal/services/mocks/course_service_mock.go:19.24,21.3 1 0
zajunaApi/internal/services/mocks/course_service_mock.go:22.2,22.53 1 0
zajunaApi/internal/services/mocks/course_service_mock.go:26.92,28.24 2 0
zajunaApi/internal/services/mocks/course_service_mock.go:28.24,30.3 1 0
zajunaApi/internal/services/mocks/course_service_mock.go:31.2,31.53 1 0
zajunaApi/internal/services/mocks/course_service_mock.go:35.98,37.24 2 0
zajunaApi/internal/services/mocks/course_service_mock.go:37.24,39.3 1 0
zajunaApi/internal/services/mocks/course_service_mock.go:40.2,40.63 1 0
zajunaApi/internal/services/mocks/course_service_mock.go:44.99,46.24 2 0
zajunaApi/internal/services/mocks/course_service_mock.go:46.24,48.3 1 0
zajunaApi/internal/services/mocks/course_service_mock.go:49.2,49.67 1 0
zajunaApi/internal/services/mocks/course_service_mock.go:53.121,55.24 2 0
zajunaApi/internal/services/mocks/course_service_mock.go:55.24,57.3 1 0
zajunaApi/internal/services/mocks/course_service_mock.go:58.2,58.67 1 0
zajunaApi/internal/services/mocks/course_service_mock.go:62.130,64.24 2 0
zajunaApi/internal/services/mocks/course_service_mock.go:64.24,66.3 1 0
zajunaApi/internal/services/mocks/course_service_mock.go:67.2,67.74 1 0
zajunaApi/internal/services/mocks/role_capability_service_mock.go:11.103,15.2 2 0
zajunaApi/internal/services/mocks/user_service_mock.go:17.110,19.24 2 0
zajunaApi/internal/services/mocks/user_service_mock.go:19.24,21.3 1 0
zajunaApi/internal/services/mocks/user_service_mock.go:22.2,22.72 1 0
zajunaApi/internal/services/mocks/user_service_mock.go:26.60,29.2 2 0
zajunaApi/internal/services/mocks/user_service_mock.go:32.75,35.2 2 0
zajunaApi/internal/services/mocks/user_service_mock.go:38.136,40.24 2 0
zajunaApi/internal/services/mocks/user_service_mock.go:40.24,42.3 1 0
zajunaApi/internal/services/mocks/user_service_mock.go:43.2,43.88 1 0
zajunaApi/internal/services/mocks/user_service_mock.go:45.93,48.2 2 0
zajunaApi/internal/services/mocks/user_service_mock.go:50.62,53.2 2 0
zajunaApi/internal/services/auth/auth.go:13.47,15.2 1 0
zajunaApi/internal/services/auth/auth.go:18.42,21.2 2 0
zajunaApi/internal/services/auth/cas_auth.go:9.48,11.2 1 0
zajunaApi/internal/services/auth/cas_auth.go:13.66,17.2 2 0
zajunaApi/internal/services/auth/cas_auth.go:19.13,21.2 1 0
zajunaApi/internal/services/auth/manual_auth.go:9.50,9.66 1 0
zajunaApi/internal/services/auth/manual_auth.go:11.68,15.2 2 0
zajunaApi/internal/services/auth/manual_auth.go:17.13,19.2 1 0
zajunaApi/internal/validator/validator.go:14.13,18.68 2 0
zajunaApi/internal/validator/validator.go:18.68,20.18 2 0
zajunaApi/internal/validator/validator.go:20.18,22.4 1 0
zajunaApi/internal/validator/validator.go:23.3,23.14 1 0
zajunaApi/internal/validator/validator.go:27.2,28.74 2 0
zajunaApi/internal/validator/validator.go:32.36,33.21 1 0
zajunaApi/internal/validator/validator.go:33.21,35.3 1 0
zajunaApi/internal/validator/validator.go:37.2,38.16 2 0
zajunaApi/internal/validator/validator.go:38.16,40.3 1 0
zajunaApi/internal/validator/validator.go:41.2,41.12 1 0
zajunaApi/internal/validator/validator.go:45.55,46.21 1 0
zajunaApi/internal/validator/validator.go:46.21,48.3 1 0
zajunaApi/internal/validator/validator.go:50.2,51.16 2 0
zajunaApi/internal/validator/validator.go:51.16,53.3 1 0
zajunaApi/internal/validator/validator.go:54.2,54.12 1 0
zajunaApi/internal/validator/validator.go:58.46,59.16 1 0
zajunaApi/internal/validator/validator.go:59.16,61.3 1 0
zajunaApi/internal/validator/validator.go:63.2,64.9 2 0
zajunaApi/internal/validator/validator.go:64.9,66.3 1 0
zajunaApi/internal/validator/validator.go:68.2,69.37 2 0
zajunaApi/internal/validator/validator.go:69.37,71.3 1 0
zajunaApi/internal/validator/validator.go:73.2,75.3 1 0
zajunaApi/internal/validator/validator.go:79.54,82.17 2 0
zajunaApi/internal/validator/validator.go:83.18,84.58 1 0
zajunaApi/internal/validator/validator.go:85.15,86.71 1 0
zajunaApi/internal/validator/validator.go:87.13,88.90 1 0
zajunaApi/internal/validator/validator.go:89.13,90.86 1 0
zajunaApi/internal/validator/validator.go:91.13,92.93 1 0
zajunaApi/internal/validator/validator.go:93.15,94.76 1 0
zajunaApi/internal/validator/validator.go:95.25,96.77 1 0
zajunaApi/internal/validator/validator.go:97.26,98.88 1 0
zajunaApi/internal/validator/validator.go:99.10,100.58 1 0
zajunaApi/internal/validator/validator.go:106.59,108.46 2 0
zajunaApi/internal/validator/validator.go:108.46,110.3 1 0
zajunaApi/internal/validator/validator.go:113.2,113.32 1 0
zajunaApi/internal/validator/validator.go:113.32,114.39 1 0
zajunaApi/internal/validator/validator.go:114.39,116.4 1 0
zajunaApi/internal/validator/validator.go:118.2,118.13 1 0
zajunaApi/internal/validator/validator.go:122.60,124.48 2 0
zajunaApi/internal/validator/validator.go:124.48,126.3 1 0
zajunaApi/internal/validator/validator.go:128.2,128.42 1 0
zajunaApi/internal/validator/validator.go:132.48,137.2 1 0
zajunaApi/internal/validator/validator.go:144.42,146.2 1 0
zajunaApi/internal/services/category_service.go:14.87,16.2 1 1
zajunaApi/internal/services/category_service.go:19.70,21.2 1 1
zajunaApi/internal/services/competency_framework_service.go:17.172,19.2 1 1
zajunaApi/internal/services/competency_framework_service.go:21.162,24.16 2 1
zajunaApi/internal/services/competency_framework_service.go:24.16,26.3 1 1
zajunaApi/internal/services/competency_framework_service.go:27.2,34.16 6 1
zajunaApi/internal/services/competency_framework_service.go:34.16,36.3 1 1
zajunaApi/internal/services/competency_framework_service.go:38.2,38.33 1 1
zajunaApi/internal/services/competency_plan_service.go:17.209,19.2 1 1
zajunaApi/internal/services/competency_plan_service.go:21.127,24.16 2 1
zajunaApi/internal/services/competency_plan_service.go:24.16,26.3 1 1
zajunaApi/internal/services/competency_plan_service.go:27.2,27.28 1 1
zajunaApi/internal/services/competency_plan_service.go:27.28,29.3 1 1
zajunaApi/internal/services/competency_plan_service.go:29.8,29.51 1 1
zajunaApi/internal/services/competency_plan_service.go:29.51,31.3 1 1
zajunaApi/internal/services/competency_plan_service.go:33.2,34.14 2 1
zajunaApi/internal/services/competency_plan_service.go:34.14,38.36 2 1
zajunaApi/internal/services/competency_plan_service.go:38.36,40.4 1 1
zajunaApi/internal/services/competency_plan_service.go:41.3,42.17 2 1
zajunaApi/internal/services/competency_plan_service.go:42.17,44.4 1 1
zajunaApi/internal/services/competency_plan_service.go:45.3,45.14 1 1
zajunaApi/internal/services/competency_plan_service.go:45.14,47.4 1 1
zajunaApi/internal/services/competency_plan_service.go:49.2,52.35 2 1
zajunaApi/internal/services/competency_plan_service.go:52.35,54.3 1 1
zajunaApi/internal/services/competency_plan_service.go:55.2,56.16 2 1
zajunaApi/internal/services/competency_plan_service.go:56.16,58.3 1 1
zajunaApi/internal/services/competency_plan_service.go:59.2,59.13 1 1
zajunaApi/internal/services/competency_plan_service.go:59.13,61.3 1 1
zajunaApi/internal/services/competency_plan_service.go:62.2,62.28 1 1
zajunaApi/internal/services/competency_service.go:20.210,22.2 1 1
zajunaApi/internal/services/competency_service.go:24.117,27.16 2 1
zajunaApi/internal/services/competency_service.go:27.16,29.3 1 1
zajunaApi/internal/services/competency_service.go:31.2,32.16 2 1
zajunaApi/internal/services/competency_service.go:32.16,34.3 1 1
zajunaApi/internal/services/competency_service.go:35.2,35.22 1 1
zajunaApi/internal/services/competency_service.go:35.22,37.3 1 1
zajunaApi/internal/services/competency_service.go:39.2,44.16 5 1
zajunaApi/internal/services/competency_service.go:44.16,46.3 1 1
zajunaApi/internal/services/competency_service.go:47.2,49.30 2 1
zajunaApi/internal/services/competency_service.go:49.30,51.3 1 1
zajunaApi/internal/services/competency_service.go:51.8,53.17 2 1
zajunaApi/internal/services/competency_service.go:53.17,55.4 1 1
zajunaApi/internal/services/competency_service.go:56.3,56.78 1 1
zajunaApi/internal/services/competency_service.go:59.2,60.16 2 1
zajunaApi/internal/services/competency_service.go:60.16,62.3 1 1
zajunaApi/internal/services/competency_service.go:64.2,64.29 1 1
zajunaApi/internal/services/course_competency_service.go:23.334,25.2 1 1
zajunaApi/internal/services/course_competency_service.go:27.118,30.16 2 1
zajunaApi/internal/services/course_competency_service.go:30.16,32.3 1 1
zajunaApi/internal/services/course_competency_service.go:33.2,33.12 1 1
zajunaApi/internal/services/course_competency_service.go:33.12,35.3 1 1
zajunaApi/internal/services/course_competency_service.go:35.8,37.17 2 1
zajunaApi/internal/services/course_competency_service.go:37.17,39.4 1 1
zajunaApi/internal/services/course_competency_service.go:40.3,45.17 6 1
zajunaApi/internal/services/course_competency_service.go:45.17,47.4 1 1
zajunaApi/internal/services/course_competency_service.go:48.3,48.24 1 1
zajunaApi/internal/services/course_competency_service.go:48.24,50.4 1 1
zajunaApi/internal/services/course_competency_service.go:51.3,52.17 2 1
zajunaApi/internal/services/course_competency_service.go:52.17,54.4 1 1
zajunaApi/internal/services/course_competency_service.go:56.3,56.23 1 1
zajunaApi/internal/services/course_competency_service.go:56.23,58.4 1 1
zajunaApi/internal/services/course_competency_service.go:60.3,60.29 1 1
zajunaApi/internal/services/course_competency_service.go:60.29,62.4 1 1
zajunaApi/internal/services/course_competency_service.go:64.3,65.17 2 1
zajunaApi/internal/services/course_competency_service.go:65.17,66.46 1 1
zajunaApi/internal/services/course_competency_service.go:66.46,68.5 1 1
zajunaApi/internal/services/course_competency_service.go:69.4,69.14 1 1
zajunaApi/internal/services/course_competency_service.go:72.3,73.17 2 1
zajunaApi/internal/services/course_competency_service.go:73.17,75.4 1 1
zajunaApi/internal/services/course_competency_service.go:76.3,76.13 1 1
zajunaApi/internal/services/course_service.go:14.81,16.2 1 1
zajunaApi/internal/services/course_service.go:18.66,20.2 1 1
zajunaApi/internal/services/course_service.go:22.88,24.2 1 1
zajunaApi/internal/services/course_service.go:29.94,31.2 1 1
zajunaApi/internal/services/course_service.go:33.95,35.16 2 1
zajunaApi/internal/services/course_service.go:35.16,37.3 1 1
zajunaApi/internal/services/course_service.go:38.2,38.63 1 1
zajunaApi/internal/services/course_service.go:42.117,45.33 2 1
zajunaApi/internal/services/course_service.go:45.33,50.28 2 1
zajunaApi/internal/services/course_service.go:50.28,52.4 1 1
zajunaApi/internal/services/course_service.go:53.3,53.29 1 1
zajunaApi/internal/services/course_service.go:53.29,55.4 1 1
zajunaApi/internal/services/course_service.go:56.3,56.28 1 1
zajunaApi/internal/services/course_service.go:56.28,58.4 1 1
zajunaApi/internal/services/course_service.go:59.3,59.27 1 1
zajunaApi/internal/services/course_service.go:59.27,61.4 1 1
zajunaApi/internal/services/course_service.go:62.3,62.26 1 1
zajunaApi/internal/services/course_service.go:62.26,64.4 1 1
zajunaApi/internal/services/course_service.go:65.3,65.24 1 1
zajunaApi/internal/services/course_service.go:65.24,67.4 1 0
zajunaApi/internal/services/course_service.go:68.3,68.30 1 1
zajunaApi/internal/services/course_service.go:68.30,70.4 1 0
zajunaApi/internal/services/course_service.go:73.3,73.31 1 1
zajunaApi/internal/services/course_service.go:73.31,75.4 1 1
zajunaApi/internal/services/course_service.go:76.3,76.34 1 1
zajunaApi/internal/services/course_service.go:76.34,78.4 1 1
zajunaApi/internal/services/course_service.go:79.3,79.31 1 1
zajunaApi/internal/services/course_service.go:79.31,81.4 1 0
zajunaApi/internal/services/course_service.go:82.3,82.30 1 1
zajunaApi/internal/services/course_service.go:82.30,84.4 1 0
zajunaApi/internal/services/course_service.go:85.3,85.32 1 1
zajunaApi/internal/services/course_service.go:85.32,87.4 1 0
zajunaApi/internal/services/course_service.go:88.3,88.29 1 1
zajunaApi/internal/services/course_service.go:88.29,90.4 1 0
zajunaApi/internal/services/course_service.go:91.3,91.32 1 1
zajunaApi/internal/services/course_service.go:91.32,93.4 1 0
zajunaApi/internal/services/course_service.go:94.3,94.28 1 1
zajunaApi/internal/services/course_service.go:94.28,96.4 1 1
zajunaApi/internal/services/course_service.go:97.3,97.35 1 1
zajunaApi/internal/services/course_service.go:97.35,99.4 1 0
zajunaApi/internal/services/course_service.go:100.3,100.30 1 1
zajunaApi/internal/services/course_service.go:100.30,102.4 1 0
zajunaApi/internal/services/course_service.go:103.3,103.35 1 1
zajunaApi/internal/services/course_service.go:103.35,105.4 1 0
zajunaApi/internal/services/course_service.go:106.3,106.38 1 1
zajunaApi/internal/services/course_service.go:106.38,108.4 1 0
zajunaApi/internal/services/course_service.go:109.3,109.37 1 1
zajunaApi/internal/services/course_service.go:109.37,111.4 1 0
zajunaApi/internal/services/course_service.go:112.3,112.37 1 1
zajunaApi/internal/services/course_service.go:112.37,114.4 1 0
zajunaApi/internal/services/course_service.go:117.3,117.30 1 1
zajunaApi/internal/services/course_service.go:117.30,119.4 1 1
zajunaApi/internal/services/course_service.go:120.3,120.28 1 1
zajunaApi/internal/services/course_service.go:120.28,122.4 1 1
zajunaApi/internal/services/course_service.go:125.3,125.24 1 1
zajunaApi/internal/services/course_service.go:125.24,132.12 2 1
zajunaApi/internal/services/course_service.go:136.3,137.17 2 1
zajunaApi/internal/services/course_service.go:137.17,144.12 2 1
zajunaApi/internal/services/course_service.go:148.3,148.42 1 1
zajunaApi/internal/services/course_service.go:148.42,149.98 1 0
zajunaApi/internal/services/course_service.go:149.98,156.5 1 0
zajunaApi/internal/services/course_service.go:160.3,160.35 1 1
zajunaApi/internal/services/course_service.go:160.35,161.90 1 0
zajunaApi/internal/services/course_service.go:161.90,168.5 1 0
zajunaApi/internal/services/course_service.go:172.2,172.63 1 1
zajunaApi/internal/services/course_service.go:176.126,178.2 1 0
zajunaApi/internal/services/role_capability_service.go:19.154,21.2 1 1
zajunaApi/internal/services/role_capability_service.go:23.99,30.16 4 1
zajunaApi/internal/services/role_capability_service.go:30.16,32.3 1 1
zajunaApi/internal/services/role_capability_service.go:33.2,33.30 1 1
zajunaApi/internal/services/role_capability_service.go:33.30,35.3 1 1
zajunaApi/internal/services/role_capability_service.go:37.2,38.16 2 1
zajunaApi/internal/services/role_capability_service.go:38.16,40.3 1 1
zajunaApi/internal/services/role_capability_service.go:41.2,41.35 1 1
zajunaApi/internal/services/role_capability_service.go:41.35,43.3 1 1
zajunaApi/internal/services/role_capability_service.go:46.2,46.35 1 1
zajunaApi/internal/services/role_capability_service.go:46.35,51.17 3 1
zajunaApi/internal/services/role_capability_service.go:51.17,53.4 1 1
zajunaApi/internal/services/role_capability_service.go:55.3,55.35 1 1
zajunaApi/internal/services/role_capability_service.go:55.35,56.24 1 1
zajunaApi/internal/services/role_capability_service.go:57.22,59.22 1 1
zajunaApi/internal/services/role_capability_service.go:60.19,61.19 1 1
zajunaApi/internal/services/role_capability_service.go:66.3,66.15 1 1
zajunaApi/internal/services/role_capability_service.go:66.15,68.4 1 1
zajunaApi/internal/services/role_capability_service.go:72.2,72.18 1 1
zajunaApi/internal/services/user_service.go:30.176,32.2 1 1
zajunaApi/internal/services/user_service.go:34.106,36.2 1 1
zajunaApi/internal/services/user_service.go:39.89,45.16 3 1
zajunaApi/internal/services/user_service.go:45.16,47.3 1 1
zajunaApi/internal/services/user_service.go:48.2,48.17 1 1
zajunaApi/internal/services/user_service.go:48.17,50.3 1 1
zajunaApi/internal/services/user_service.go:53.2,53.25 1 1
zajunaApi/internal/services/user_service.go:53.25,55.3 1 1
zajunaApi/internal/services/user_service.go:57.2,58.9 2 1
zajunaApi/internal/services/user_service.go:58.9,60.3 1 1
zajunaApi/internal/services/user_service.go:63.2,64.16 2 1
zajunaApi/internal/services/user_service.go:64.16,66.3 1 1
zajunaApi/internal/services/user_service.go:67.2,67.23 1 1
zajunaApi/internal/services/user_service.go:67.23,69.3 1 1
zajunaApi/internal/services/user_service.go:72.2,72.45 1 1
zajunaApi/internal/services/user_service.go:72.45,74.3 1 1
zajunaApi/internal/services/user_service.go:74.8,77.3 2 1
zajunaApi/internal/services/user_service.go:78.2,79.28 2 1
zajunaApi/internal/services/user_service.go:79.28,81.3 1 1
zajunaApi/internal/services/user_service.go:82.2,92.16 4 1
zajunaApi/internal/services/user_service.go:92.16,94.3 1 1
zajunaApi/internal/services/user_service.go:97.2,109.16 4 1
zajunaApi/internal/services/user_service.go:109.16,112.3 1 1
zajunaApi/internal/services/user_service.go:114.2,114.25 1 1
zajunaApi/internal/services/user_service.go:118.58,120.16 2 1
zajunaApi/internal/services/user_service.go:120.16,122.3 1 1
zajunaApi/internal/services/user_service.go:123.2,123.30 1 1
zajunaApi/internal/services/user_service.go:131.56,133.16 2 1
zajunaApi/internal/services/user_service.go:133.16,135.3 1 1
zajunaApi/internal/services/user_service.go:136.2,136.26 1 1
zajunaApi/internal/services/user_service.go:140.52,143.2 2 1
zajunaApi/internal/services/user_service.go:147.44,149.55 1 1
zajunaApi/internal/services/user_service.go:149.55,152.29 3 1
zajunaApi/internal/services/user_service.go:152.29,154.4 1 1
zajunaApi/internal/services/user_service.go:158.2,159.42 2 1
zajunaApi/internal/services/user_service.go:159.42,161.3 1 1
zajunaApi/internal/services/user_service.go:163.2,163.18 1 1
zajunaApi/internal/services/user_service.go:167.42,168.17 1 1
zajunaApi/internal/services/user_service.go:168.17,170.3 1 1
zajunaApi/internal/services/user_service.go:171.2,171.11 1 1
zajunaApi/internal/services/user_service.go:174.56,176.2 1 1
zajunaApi/internal/services/user_service.go:178.71,180.2 1 1
zajunaApi/internal/services/user_service.go:182.66,184.2 1 0
zajunaApi/internal/services/user_service.go:187.132,190.16 2 0
zajunaApi/internal/services/user_service.go:190.16,192.3 1 0
zajunaApi/internal/services/user_service.go:195.2,196.29 2 0
zajunaApi/internal/services/user_service.go:196.29,216.22 8 0
zajunaApi/internal/services/user_service.go:216.22,218.4 1 0
zajunaApi/internal/services/user_service.go:221.2,221.30 1 0
zajunaApi/internal/services/user_service.go:224.71,226.2 1 1
